signal time=1787105769.765445 sender=org.freedesktop.DBus -> destination=:1.64 serial=2 path=/org/freedesktop/DBus; interface=org.freedesktop.DBus; member=NameAcquired
   string ":1.64"
signal time=1787105769.765473 sender=org.freedesktop.DBus -> destination=:1.64 serial=4 path=/org/freedesktop/DBus; interface=org.freedesktop.DBus; member=NameLost
   string ":1.64"
method call time=1787105770.512602 sender=:1.19 -> destination=org.freedesktop.DBus serial=60 path=/org/freedesktop/DBus; interface=org.freedesktop.DBus; member=AddMatch
   string "type='signal',sender='org.freedesktop.DBus',interface='org.freedesktop.DBus',member='NameOwnerChanged',path='/org/freedesktop/DBus',arg0='org.freedesktop.portal.Desktop'"
method return time=1787105770.512662 sender=org.freedesktop.DBus -> destination=:1.19 serial=41 reply_serial=60
method call time=1787105770.512904 sender=:1.19 -> destination=org.freedesktop.DBus serial=61 path=/org/freedesktop/DBus; interface=org.freedesktop.DBus; member=GetNameOwner
   string "org.freedesktop.portal.Desktop"
method return time=1787105770.512964 sender=org.freedesktop.DBus -> destination=:1.19 serial=42 reply_serial=61
   string ":1.27"
method call time=1787105770.514106 sender=:1.19 -> destination=org.freedesktop.DBus serial=62 path=/org/freedesktop/DBus; interface=org.freedesktop.DBus; member=AddMatch
   string "type='signal',sender='org.freedesktop.portal.Desktop',interface='org.freedesktop.DBus.Properties',member='PropertiesChanged',path='/org/freedesktop/portal/desktop'"
method return time=1787105770.514121 sender=org.freedesktop.DBus -> destination=:1.19 serial=43 reply_serial=62
method call time=1787105770.514568 sender=:1.19 -> destination=org.freedesktop.portal.Desktop serial=63 path=/org/freedesktop/portal/desktop; interface=org.freedesktop.DBus.Properties; member=GetAll
   string "org.freedesktop.portal.FileChooser"
method return time=1787105770.514765 sender=:1.27 -> destination=:1.19 serial=149 reply_serial=63
   array [
      dict entry(
         string "version"
         variant             uint32 3
      )
   ]
method call time=1787105770.515322 sender=:1.19 -> destination=org.freedesktop.DBus serial=64 path=/org/freedesktop/DBus; interface=org.freedesktop.DBus; member=GetNameOwner
   string "org.freedesktop.portal.Desktop"
method return time=1787105770.515333 sender=org.freedesktop.DBus -> destination=:1.19 serial=44 reply_serial=64
   string ":1.27"
method call time=1787105770.515639 sender=:1.19 -> destination=org.freedesktop.DBus serial=65 path=/org/freedesktop/DBus; interface=org.freedesktop.DBus; member=AddMatch
   string "type='signal',sender='org.freedesktop.portal.Desktop',interface='org.freedesktop.DBus.Properties',member='PropertiesChanged',path='/org/freedesktop/portal/desktop/request/1_19/ashpd_Bb04HK3nl7'"
method return time=1787105770.515649 sender=org.freedesktop.DBus -> destination=:1.19 serial=45 reply_serial=65
method call time=1787105770.515912 sender=:1.19 -> destination=org.freedesktop.portal.Desktop serial=66 path=/org/freedesktop/portal/desktop/request/1_19/ashpd_Bb04HK3nl7; interface=org.freedesktop.DBus.Properties; member=GetAll
   string "org.freedesktop.portal.Request"
error time=1787105770.516042 sender=:1.27 -> destination=:1.19 error_name=org.freedesktop.DBus.Error.UnknownMethod reply_serial=66
   string "L'oggetto non esiste nel percorso «/org/freedesktop/portal/desktop/request/1_19/ashpd_Bb04HK3nl7»"
method call time=1787105770.516553 sender=:1.19 -> destination=org.freedesktop.DBus serial=67 path=/org/freedesktop/DBus; interface=org.freedesktop.DBus; member=RemoveMatch
   string "type='signal',sender='org.freedesktop.portal.Desktop',interface='org.freedesktop.DBus.Properties',member='PropertiesChanged',path='/org/freedesktop/portal/desktop/request/1_19/ashpd_Bb04HK3nl7'"
method return time=1787105770.516566 sender=org.freedesktop.DBus -> destination=:1.19 serial=46 reply_serial=67
method call time=1787105770.517149 sender=:1.19 -> destination=org.freedesktop.DBus serial=68 path=/org/freedesktop/DBus; interface=org.freedesktop.DBus; member=GetNameOwner
   string "org.freedesktop.portal.Desktop"
method return time=1787105770.517190 sender=org.freedesktop.DBus -> destination=:1.19 serial=47 reply_serial=68
   string ":1.27"
method call time=1787105770.517379 sender=:1.19 -> destination=org.freedesktop.DBus serial=69 path=/org/freedesktop/DBus; interface=org.freedesktop.DBus; member=AddMatch
   string "type='signal',sender='org.freedesktop.portal.Desktop',interface='org.freedesktop.portal.Request',member='Response',path='/org/freedesktop/portal/desktop/request/1_19/ashpd_Bb04HK3nl7'"
method return time=1787105770.517386 sender=org.freedesktop.DBus -> destination=:1.19 serial=48 reply_serial=69
method call time=1787105770.518689 sender=:1.19 -> destination=org.freedesktop.portal.Desktop serial=70 path=/org/freedesktop/portal/desktop; interface=org.freedesktop.portal.FileChooser; member=OpenFile
   string "wayland:4dd9e141a98d1a191bb44cd6f2708824"
   string "Open File"
   array [
      dict entry(
         string "handle_token"
         variant             string "ashpd_Bb04HK3nl7"
      )
      dict entry(
         string "accept_label"
         variant             string "Choose a PNG"
      )
      dict entry(
         string "modal"
         variant             boolean true
      )
      dict entry(
         string "multiple"
         variant             boolean false
      )
      dict entry(
         string "directory"
         variant             boolean false
      )
   ]
method call time=1787105770.518957 sender=:1.27 -> destination=org.freedesktop.DBus serial=151 path=/org/freedesktop/DBus; interface=org.freedesktop.DBus; member=AddMatch
   string "type='signal',sender='org.freedesktop.impl.portal.desktop.gtk',interface='org.freedesktop.impl.portal.Request',path='/org/freedesktop/portal/desktop/request/1_19/ashpd_Bb04HK3nl7'"
method return time=1787105770.518966 sender=org.freedesktop.DBus -> destination=:1.27 serial=136 reply_serial=151
method call time=1787105770.519012 sender=:1.27 -> destination=org.freedesktop.DBus serial=152 path=/org/freedesktop/DBus; interface=org.freedesktop.DBus; member=StartServiceByName
   string "org.freedesktop.impl.portal.desktop.gtk"
   uint32 0
method return time=1787105770.519023 sender=org.freedesktop.DBus -> destination=:1.27 serial=137 reply_serial=152
   uint32 2
method call time=1787105770.519149 sender=:1.27 -> destination=org.freedesktop.DBus serial=153 path=/org/freedesktop/DBus; interface=org.freedesktop.DBus; member=GetNameOwner
   string "org.freedesktop.impl.portal.desktop.gtk"
method return time=1787105770.519160 sender=org.freedesktop.DBus -> destination=:1.27 serial=138 reply_serial=153
   string ":1.29"
method call time=1787105770.519301 sender=:1.27 -> destination=:1.29 serial=154 path=/org/freedesktop/portal/desktop; interface=org.freedesktop.impl.portal.FileChooser; member=OpenFile
   object path "/org/freedesktop/portal/desktop/request/1_19/ashpd_Bb04HK3nl7"
   string ""
   string "wayland:4dd9e141a98d1a191bb44cd6f2708824"
   string "Open File"
   array [
      dict entry(
         string "accept_label"
         variant             string "Choose a PNG"
      )
      dict entry(
         string "modal"
         variant             boolean true
      )
      dict entry(
         string "multiple"
         variant             boolean false
      )
      dict entry(
         string "directory"
         variant             boolean false
      )
   ]
method return time=1787105770.519361 sender=:1.27 -> destination=:1.19 serial=155 reply_serial=70
   object path "/org/freedesktop/portal/desktop/request/1_19/ashpd_Bb04HK3nl7"
method call time=1787105770.580555 sender=:1.29 -> destination=ca.desrt.dconf serial=171 path=/ca/desrt/dconf/Writer/user; interface=ca.desrt.dconf.Writer; member=Change
   array of bytes [
      2f 6f 72 67 2f 67 74 6b 2f 73 65 74 74 69 6e 67 73 2f 66 69 6c 65 2d 63
      68 6f 6f 73 65 72 2f 77 69 6e 64 6f 77 2d 70 6f 73 69 74 69 6f 6e 00 00
      1a 00 00 00 17 00 00 00 00 28 69 69 29 00 2f 3f
   ]
method return time=1787105770.583722 sender=:1.59 -> destination=:1.29 serial=10 reply_serial=171
   string ":1.59:user:4"
signal time=1787105770.583777 sender=:1.59 -> destination=(null destination) serial=11 path=/ca/desrt/dconf/Writer/user; interface=ca.desrt.dconf.Writer; member=Notify
   string "/org/gtk/settings/file-chooser/window-position"
   array [
      string ""
   ]
   string ":1.59:user:4"
method call time=1787105770.913520 sender=:1.19 -> destination=org.freedesktop.DBus serial=71 path=/org/freedesktop/DBus; interface=org.freedesktop.DBus; member=GetNameOwner
   string "org.freedesktop.portal.Desktop"
method return time=1787105770.914020 sender=org.freedesktop.DBus -> destination=:1.19 serial=49 reply_serial=71
   string ":1.27"
method call time=1787105770.914031 sender=:1.19 -> destination=org.freedesktop.portal.Desktop serial=72 path=/org/freedesktop/portal/desktop; interface=org.freedesktop.DBus.Properties; member=GetAll
   string "org.freedesktop.portal.FileChooser"
method return time=1787105770.914328 sender=:1.27 -> destination=:1.19 serial=156 reply_serial=72
   array [
      dict entry(
         string "version"
         variant             uint32 3
      )
   ]
method call time=1787105770.916282 sender=:1.19 -> destination=org.freedesktop.DBus serial=73 path=/org/freedesktop/DBus; interface=org.freedesktop.DBus; member=GetNameOwner
   string "org.freedesktop.portal.Desktop"
method return time=1787105770.916296 sender=org.freedesktop.DBus -> destination=:1.19 serial=50 reply_serial=73
   string ":1.27"
method call time=1787105770.916325 sender=:1.19 -> destination=org.freedesktop.DBus serial=74 path=/org/freedesktop/DBus; interface=org.freedesktop.DBus; member=AddMatch
   string "type='signal',sender='org.freedesktop.portal.Desktop',interface='org.freedesktop.DBus.Properties',member='PropertiesChanged',path='/org/freedesktop/portal/desktop/request/1_19/ashpd_GfNZBCHTtG'"
method return time=1787105770.916331 sender=org.freedesktop.DBus -> destination=:1.19 serial=51 reply_serial=74
method call time=1787105770.916807 sender=:1.19 -> destination=org.freedesktop.portal.Desktop serial=75 path=/org/freedesktop/portal/desktop/request/1_19/ashpd_GfNZBCHTtG; interface=org.freedesktop.DBus.Properties; member=GetAll
   string "org.freedesktop.portal.Request"
error time=1787105770.916828 sender=:1.27 -> destination=:1.19 error_name=org.freedesktop.DBus.Error.UnknownMethod reply_serial=75
   string "L'oggetto non esiste nel percorso «/org/freedesktop/portal/desktop/request/1_19/ashpd_GfNZBCHTtG»"
method call time=1787105770.917351 sender=:1.19 -> destination=org.freedesktop.DBus serial=76 path=/org/freedesktop/DBus; interface=org.freedesktop.DBus; member=RemoveMatch
   string "type='signal',sender='org.freedesktop.portal.Desktop',interface='org.freedesktop.DBus.Properties',member='PropertiesChanged',path='/org/freedesktop/portal/desktop/request/1_19/ashpd_GfNZBCHTtG'"
method return time=1787105770.917375 sender=org.freedesktop.DBus -> destination=:1.19 serial=52 reply_serial=76
method call time=1787105770.917932 sender=:1.19 -> destination=org.freedesktop.DBus serial=77 path=/org/freedesktop/DBus; interface=org.freedesktop.DBus; member=GetNameOwner
   string "org.freedesktop.portal.Desktop"
method return time=1787105770.917941 sender=org.freedesktop.DBus -> destination=:1.19 serial=53 reply_serial=77
   string ":1.27"
method call time=1787105770.918124 sender=:1.19 -> destination=org.freedesktop.DBus serial=78 path=/org/freedesktop/DBus; interface=org.freedesktop.DBus; member=AddMatch
   string "type='signal',sender='org.freedesktop.portal.Desktop',interface='org.freedesktop.portal.Request',member='Response',path='/org/freedesktop/portal/desktop/request/1_19/ashpd_GfNZBCHTtG'"
method return time=1787105770.918135 sender=org.freedesktop.DBus -> destination=:1.19 serial=54 reply_serial=78
method call time=1787105770.918932 sender=:1.19 -> destination=org.freedesktop.portal.Desktop serial=79 path=/org/freedesktop/portal/desktop; interface=org.freedesktop.portal.FileChooser; member=OpenFile
   string "wayland:fadeff3160a5a8485be76df5a2ffeb4e"
   string "Open File"
   array [
      dict entry(
         string "handle_token"
         variant             string "ashpd_GfNZBCHTtG"
      )
      dict entry(
         string "accept_label"
         variant             string "Choose a PNG"
      )
      dict entry(
         string "modal"
         variant             boolean true
      )
      dict entry(
         string "multiple"
         variant             boolean false
      )
      dict entry(
         string "directory"
         variant             boolean false
      )
   ]
method call time=1787105770.919250 sender=:1.27 -> destination=org.freedesktop.DBus serial=158 path=/org/freedesktop/DBus; interface=org.freedesktop.DBus; member=AddMatch
   string "type='signal',sender='org.freedesktop.impl.portal.desktop.gtk',interface='org.freedesktop.impl.portal.Request',path='/org/freedesktop/portal/desktop/request/1_19/ashpd_GfNZBCHTtG'"
method return time=1787105770.919283 sender=org.freedesktop.DBus -> destination=:1.27 serial=139 reply_serial=158
method call time=1787105770.919484 sender=:1.27 -> destination=org.freedesktop.DBus serial=159 path=/org/freedesktop/DBus; interface=org.freedesktop.DBus; member=StartServiceByName
   string "org.freedesktop.impl.portal.desktop.gtk"
   uint32 0
method return time=1787105770.919660 sender=org.freedesktop.DBus -> destination=:1.27 serial=140 reply_serial=159
   uint32 2
method call time=1787105770.919725 sender=:1.27 -> destination=org.freedesktop.DBus serial=160 path=/org/freedesktop/DBus; interface=org.freedesktop.DBus; member=GetNameOwner
   string "org.freedesktop.impl.portal.desktop.gtk"
method return time=1787105770.919752 sender=org.freedesktop.DBus -> destination=:1.27 serial=141 reply_serial=160
   string ":1.29"
method call time=1787105770.920118 sender=:1.27 -> destination=:1.29 serial=161 path=/org/freedesktop/portal/desktop; interface=org.freedesktop.impl.portal.FileChooser; member=OpenFile
   object path "/org/freedesktop/portal/desktop/request/1_19/ashpd_GfNZBCHTtG"
   string ""
   string "wayland:fadeff3160a5a8485be76df5a2ffeb4e"
   string "Open File"
   array [
      dict entry(
         string "accept_label"
         variant             string "Choose a PNG"
      )
      dict entry(
         string "modal"
         variant             boolean true
      )
      dict entry(
         string "multiple"
         variant             boolean false
      )
      dict entry(
         string "directory"
         variant             boolean false
      )
   ]
method return time=1787105770.920169 sender=:1.27 -> destination=:1.19 serial=162 reply_serial=79
   object path "/org/freedesktop/portal/desktop/request/1_19/ashpd_GfNZBCHTtG"
