[session] development build: session state is checkout-local at /home/enzopalmisano/.local/state/TillerRust/checkouts/tiller-linux-ea1b05ec/tiller.sqlite
[control] listening on /run/user/1000/TillerRust/control.sock
WARNING: radv is not a conformant Vulkan implementation, testing use only.

(tiller:2332328): dbind-WARNING **: 01:04:23.305: Couldn't connect to accessibility bus: Failed to connect to socket /run/user/1000/at-spi/bus_1: Connessione rifiutata

(tiller:2332328): Gdk-CRITICAL **: 01:04:23.387: _gdk_frame_clock_freeze: assertion 'GDK_IS_FRAME_CLOCK (clock)' failed

(tiller:2332328): Gdk-CRITICAL **: 01:04:23.390: _gdk_frame_clock_freeze: assertion 'GDK_IS_FRAME_CLOCK (clock)' failed

(tiller:2332328): Gdk-CRITICAL **: 01:04:23.394: _gdk_frame_clock_freeze: assertion 'GDK_IS_FRAME_CLOCK (clock)' failed

(tiller:2332328): Gdk-CRITICAL **: 01:04:23.400: _gdk_frame_clock_freeze: assertion 'GDK_IS_FRAME_CLOCK (clock)' failed

(tiller:2332328): Gdk-CRITICAL **: 01:04:23.413: _gdk_frame_clock_freeze: assertion 'GDK_IS_FRAME_CLOCK (clock)' failed

(tiller:2332328): Gdk-CRITICAL **: 01:04:23.424: _gdk_frame_clock_freeze: assertion 'GDK_IS_FRAME_CLOCK (clock)' failed

(process:2332536): libsoup-WARNING **: 01:04:23.902: Failed to execute query: table soup_hsts_policies already exists

(process:2332536): libsoup-WARNING **: 01:04:23.902: Failed to execute query: database is locked

(process:2332526): libsoup-WARNING **: 01:04:23.903: Failed to execute query: table soup_hsts_policies already exists

(process:2332515): libsoup-WARNING **: 01:04:23.903: Failed to execute query: table soup_hsts_policies already exists

(process:2332515): libsoup-WARNING **: 01:04:23.903: Failed to execute query: database is locked

(process:2332526): libsoup-WARNING **: 01:04:23.903: Failed to execute query: database is locked

** (process:2332567): WARNING **: 01:04:24.010: Can't connect to a11y bus: Impossibile connettersi: Connessione rifiutata

** (process:2332512): WARNING **: 01:04:24.068: Can't connect to a11y bus: Impossibile connettersi: Connessione rifiutata

** (process:2332521): WARNING **: 01:04:24.085: Can't connect to a11y bus: Impossibile connettersi: Connessione rifiutata

** (process:2332516): WARNING **: 01:04:24.085: Can't connect to a11y bus: Impossibile connettersi: Connessione rifiutata

** (process:2332527): WARNING **: 01:04:24.092: Can't connect to a11y bus: Impossibile connettersi: Connessione rifiutata

** (process:2332539): WARNING **: 01:04:24.106: Can't connect to a11y bus: Impossibile connettersi: Connessione rifiutata
