[session] development build: session state is checkout-local at /home/enzopalmisano/.local/state/TillerRust/checkouts/tiller-linux-ea1b05ec/tiller.sqlite
[control] listening on /run/user/1000/TillerRust/control.sock
WARNING: radv is not a conformant Vulkan implementation, testing use only.

(tiller:2300258): dbind-WARNING **: 01:03:10.807: Couldn't connect to accessibility bus: Failed to connect to socket /run/user/1000/at-spi/bus_1: Connessione rifiutata

(tiller:2300258): Gdk-CRITICAL **: 01:03:10.896: _gdk_frame_clock_freeze: assertion 'GDK_IS_FRAME_CLOCK (clock)' failed

(tiller:2300258): Gdk-CRITICAL **: 01:03:10.899: _gdk_frame_clock_freeze: assertion 'GDK_IS_FRAME_CLOCK (clock)' failed

(tiller:2300258): Gdk-CRITICAL **: 01:03:10.902: _gdk_frame_clock_freeze: assertion 'GDK_IS_FRAME_CLOCK (clock)' failed

(tiller:2300258): Gdk-CRITICAL **: 01:03:10.908: _gdk_frame_clock_freeze: assertion 'GDK_IS_FRAME_CLOCK (clock)' failed

(tiller:2300258): Gdk-CRITICAL **: 01:03:10.921: _gdk_frame_clock_freeze: assertion 'GDK_IS_FRAME_CLOCK (clock)' failed

(tiller:2300258): Gdk-CRITICAL **: 01:03:10.935: _gdk_frame_clock_freeze: assertion 'GDK_IS_FRAME_CLOCK (clock)' failed

(process:2300447): libsoup-WARNING **: 01:03:11.423: Failed to execute query: table soup_hsts_policies already exists

(process:2300447): libsoup-WARNING **: 01:03:11.423: Failed to execute query: database is locked

(process:2300453): libsoup-WARNING **: 01:03:11.424: Failed to execute query: table soup_hsts_policies already exists

(process:2300463): libsoup-WARNING **: 01:03:11.424: Failed to execute query: database is locked

** (process:2300454): WARNING **: 01:03:11.480: Can't connect to a11y bus: Impossibile connettersi: Connessione rifiutata

** (process:2300458): WARNING **: 01:03:11.480: Can't connect to a11y bus: Impossibile connettersi: Connessione rifiutata

** (process:2300450): WARNING **: 01:03:11.582: Can't connect to a11y bus: Impossibile connettersi: Connessione rifiutata

** (process:2300467): WARNING **: 01:03:11.601: Can't connect to a11y bus: Impossibile connettersi: Connessione rifiutata

** (process:2300506): WARNING **: 01:03:11.635: Can't connect to a11y bus: Impossibile connettersi: Connessione rifiutata

** (process:2300478): WARNING **: 01:03:11.704: Can't connect to a11y bus: Impossibile connettersi: Connessione rifiutata
