[session] development build: session state is checkout-local at /home/enzopalmisano/.local/state/TillerRust/checkouts/tiller-linux-ea1b05ec/tiller.sqlite
[session] development build: session state is checkout-local at /home/enzopalmisano/.local/state/TillerRust/checkouts/tiller-linux-ea1b05ec/tiller.sqlite
[control] listening on /run/user/1000/TillerRust/control.sock
WARNING: radv is not a conformant Vulkan implementation, testing use only.

(tiller:505948): Gdk-CRITICAL **: 03:01:48.254: _gdk_frame_clock_freeze: assertion 'GDK_IS_FRAME_CLOCK (clock)' failed

(tiller:505948): Gdk-CRITICAL **: 03:01:48.256: _gdk_frame_clock_freeze: assertion 'GDK_IS_FRAME_CLOCK (clock)' failed

(tiller:505948): Gdk-CRITICAL **: 03:01:48.261: _gdk_frame_clock_freeze: assertion 'GDK_IS_FRAME_CLOCK (clock)' failed

(process:506053): libsoup-WARNING **: 03:01:48.410: Failed to execute query: table soup_hsts_policies already exists

(process:506053): libsoup-WARNING **: 03:01:48.410: Failed to execute query: database is locked
[browser-debug] event=NavigationRequested("https://example.com/") before=index=0 entries=["https://example.com"]
[browser-debug] after=index=1 entries=["https://example.com", "https://example.com/"]
[browser-debug] event=NavigationRequested("https://example.com/") before=index=0 entries=["https://example.com"]
[browser-debug] after=index=1 entries=["https://example.com", "https://example.com/"]
[browser-debug] event=NavigationRequested("https://example.com/") before=index=0 entries=["https://example.com"]
[browser-debug] after=index=1 entries=["https://example.com", "https://example.com/"]
[browser-debug] event=PageLoad(Started, "https://example.com/") before=index=1 entries=["https://example.com", "https://example.com/"]
[browser-debug] after=index=1 entries=["https://example.com", "https://example.com/"]
[browser-debug] event=PageLoad(Started, "https://example.com/") before=index=1 entries=["https://example.com", "https://example.com/"]
[browser-debug] after=index=1 entries=["https://example.com", "https://example.com/"]
[browser-debug] event=PageLoad(Started, "https://example.com/") before=index=1 entries=["https://example.com", "https://example.com/"]
[browser-debug] after=index=1 entries=["https://example.com", "https://example.com/"]
[browser-debug] event=PageLoad(Finished, "https://example.com/") before=index=1 entries=["https://example.com", "https://example.com/"]
[browser-debug] after=index=1 entries=["https://example.com", "https://example.com/"]
[browser-debug] event=PageLoad(Finished, "https://example.com/") before=index=1 entries=["https://example.com", "https://example.com/"]
[browser-debug] after=index=1 entries=["https://example.com", "https://example.com/"]
[browser-debug] event=TitleChanged("Example Domain") before=index=1 entries=["https://example.com", "https://example.com/"]
[browser-debug] after=index=1 entries=["https://example.com", "https://example.com/"]
[browser-debug] event=TitleChanged("Example Domain") before=index=1 entries=["https://example.com", "https://example.com/"]
[browser-debug] after=index=1 entries=["https://example.com", "https://example.com/"]
[browser-debug] event=PageLoad(Finished, "https://example.com/") before=index=1 entries=["https://example.com", "https://example.com/"]
[browser-debug] after=index=1 entries=["https://example.com", "https://example.com/"]
[browser-debug] event=TitleChanged("Example Domain") before=index=1 entries=["https://example.com", "https://example.com/"]
[browser-debug] after=index=1 entries=["https://example.com", "https://example.com/"]

(tiller:505948): Gdk-CRITICAL **: 03:01:58.118: _gdk_frame_clock_freeze: assertion 'GDK_IS_FRAME_CLOCK (clock)' failed
[browser-debug] event=NavigationRequested("https://example.com/") before=index=0 entries=["https://example.com"]
[browser-debug] after=index=1 entries=["https://example.com", "https://example.com/"]
[browser-debug] event=PageLoad(Started, "https://example.com/") before=index=1 entries=["https://example.com", "https://example.com/"]
[browser-debug] after=index=1 entries=["https://example.com", "https://example.com/"]
[browser-debug] event=PageLoad(Finished, "https://example.com/") before=index=1 entries=["https://example.com", "https://example.com/"]
[browser-debug] after=index=1 entries=["https://example.com", "https://example.com/"]
[browser-debug] event=TitleChanged("Example Domain") before=index=1 entries=["https://example.com", "https://example.com/"]
[browser-debug] after=index=1 entries=["https://example.com", "https://example.com/"]
[browser-debug] event=NavigationRequested("https://iana.org/domains/example") before=index=1 entries=["https://example.com", "https://example.com/"]
[browser-debug] after=index=2 entries=["https://example.com", "https://example.com/", "https://iana.org/domains/example"]
[browser-debug] event=NavigationRequested("https://www.iana.org/domains/example") before=index=2 entries=["https://example.com", "https://example.com/", "https://iana.org/domains/example"]
[browser-debug] after=index=3 entries=["https://example.com", "https://example.com/", "https://iana.org/domains/example", "https://www.iana.org/domains/example"]
[browser-debug] event=NavigationRequested("http://www.iana.org/help/example-domains") before=index=3 entries=["https://example.com", "https://example.com/", "https://iana.org/domains/example", "https://www.iana.org/domains/example"]
[browser-debug] after=index=4 entries=["https://example.com", "https://example.com/", "https://iana.org/domains/example", "https://www.iana.org/domains/example", "http://www.iana.org/help/example-domains"]
[browser-debug] event=NavigationRequested("https://www.iana.org/help/example-domains") before=index=4 entries=["https://example.com", "https://example.com/", "https://iana.org/domains/example", "https://www.iana.org/domains/example", "http://www.iana.org/help/example-domains"]
[browser-debug] after=index=5 entries=["https://example.com", "https://example.com/", "https://iana.org/domains/example", "https://www.iana.org/domains/example", "http://www.iana.org/help/example-domains", "https://www.iana.org/help/example-domains"]
[browser-debug] event=TitleChanged("") before=index=5 entries=["https://example.com", "https://example.com/", "https://iana.org/domains/example", "https://www.iana.org/domains/example", "http://www.iana.org/help/example-domains", "https://www.iana.org/help/example-domains"]
[browser-debug] after=index=5 entries=["https://example.com", "https://example.com/", "https://iana.org/domains/example", "https://www.iana.org/domains/example", "http://www.iana.org/help/example-domains", "https://www.iana.org/help/example-domains"]
[browser-debug] event=PageLoad(Started, "https://www.iana.org/help/example-domains") before=index=5 entries=["https://example.com", "https://example.com/", "https://iana.org/domains/example", "https://www.iana.org/domains/example", "http://www.iana.org/help/example-domains", "https://www.iana.org/help/example-domains"]
[browser-debug] after=index=5 entries=["https://example.com", "https://example.com/", "https://iana.org/domains/example", "https://www.iana.org/domains/example", "http://www.iana.org/help/example-domains", "https://www.iana.org/help/example-domains"]
[browser-debug] event=TitleChanged("Example Domains") before=index=5 entries=["https://example.com", "https://example.com/", "https://iana.org/domains/example", "https://www.iana.org/domains/example", "http://www.iana.org/help/example-domains", "https://www.iana.org/help/example-domains"]
[browser-debug] after=index=5 entries=["https://example.com", "https://example.com/", "https://iana.org/domains/example", "https://www.iana.org/domains/example", "http://www.iana.org/help/example-domains", "https://www.iana.org/help/example-domains"]
[browser-debug] event=PageLoad(Finished, "https://www.iana.org/help/example-domains") before=index=5 entries=["https://example.com", "https://example.com/", "https://iana.org/domains/example", "https://www.iana.org/domains/example", "http://www.iana.org/help/example-domains", "https://www.iana.org/help/example-domains"]
[browser-debug] after=index=5 entries=["https://example.com", "https://example.com/", "https://iana.org/domains/example", "https://www.iana.org/domains/example", "http://www.iana.org/help/example-domains", "https://www.iana.org/help/example-domains"]
[browser-debug] back before=index=5 entries=["https://example.com", "https://example.com/", "https://iana.org/domains/example", "https://www.iana.org/domains/example", "http://www.iana.org/help/example-domains", "https://www.iana.org/help/example-domains"] can_go_back=true
[browser-debug] back target=Some("http://www.iana.org/help/example-domains")
[browser-debug] event=NavigationRequested("http://www.iana.org/help/example-domains") before=index=4 entries=["https://example.com", "https://example.com/", "https://iana.org/domains/example", "https://www.iana.org/domains/example", "http://www.iana.org/help/example-domains", "https://www.iana.org/help/example-domains"]
[browser-debug] after=index=4 entries=["https://example.com", "https://example.com/", "https://iana.org/domains/example", "https://www.iana.org/domains/example", "http://www.iana.org/help/example-domains", "https://www.iana.org/help/example-domains"]
[browser-debug] event=NavigationRequested("https://www.iana.org/help/example-domains") before=index=4 entries=["https://example.com", "https://example.com/", "https://iana.org/domains/example", "https://www.iana.org/domains/example", "http://www.iana.org/help/example-domains", "https://www.iana.org/help/example-domains"]
[browser-debug] after=index=5 entries=["https://example.com", "https://example.com/", "https://iana.org/domains/example", "https://www.iana.org/domains/example", "http://www.iana.org/help/example-domains", "https://www.iana.org/help/example-domains"]
[browser-debug] event=TitleChanged("") before=index=5 entries=["https://example.com", "https://example.com/", "https://iana.org/domains/example", "https://www.iana.org/domains/example", "http://www.iana.org/help/example-domains", "https://www.iana.org/help/example-domains"]
[browser-debug] after=index=5 entries=["https://example.com", "https://example.com/", "https://iana.org/domains/example", "https://www.iana.org/domains/example", "http://www.iana.org/help/example-domains", "https://www.iana.org/help/example-domains"]
[browser-debug] event=PageLoad(Started, "https://www.iana.org/help/example-domains") before=index=5 entries=["https://example.com", "https://example.com/", "https://iana.org/domains/example", "https://www.iana.org/domains/example", "http://www.iana.org/help/example-domains", "https://www.iana.org/help/example-domains"]
[browser-debug] after=index=5 entries=["https://example.com", "https://example.com/", "https://iana.org/domains/example", "https://www.iana.org/domains/example", "http://www.iana.org/help/example-domains", "https://www.iana.org/help/example-domains"]
[browser-debug] event=TitleChanged("Example Domains") before=index=5 entries=["https://example.com", "https://example.com/", "https://iana.org/domains/example", "https://www.iana.org/domains/example", "http://www.iana.org/help/example-domains", "https://www.iana.org/help/example-domains"]
[browser-debug] after=index=5 entries=["https://example.com", "https://example.com/", "https://iana.org/domains/example", "https://www.iana.org/domains/example", "http://www.iana.org/help/example-domains", "https://www.iana.org/help/example-domains"]
[browser-debug] event=PageLoad(Finished, "https://www.iana.org/help/example-domains") before=index=5 entries=["https://example.com", "https://example.com/", "https://iana.org/domains/example", "https://www.iana.org/domains/example", "http://www.iana.org/help/example-domains", "https://www.iana.org/help/example-domains"]
[browser-debug] after=index=5 entries=["https://example.com", "https://example.com/", "https://iana.org/domains/example", "https://www.iana.org/domains/example", "http://www.iana.org/help/example-domains", "https://www.iana.org/help/example-domains"]
