[session] development build: session state is checkout-local at /home/enzopalmisano/.local/state/TillerRust/checkouts/tiller-linux-ea1b05ec/tiller.sqlite
[session] tab "aaa-f09-scratch.md" (file) is not restorable in this build; skipped
[session] development build: session state is checkout-local at /home/enzopalmisano/.local/state/TillerRust/checkouts/tiller-linux-ea1b05ec/tiller.sqlite
[control] listening on /run/user/1000/TillerRust/control.sock
WARNING: radv is not a conformant Vulkan implementation, testing use only.

(tiller:477742): Gdk-CRITICAL **: 02:58:53.642: _gdk_frame_clock_freeze: assertion 'GDK_IS_FRAME_CLOCK (clock)' failed

(tiller:477742): Gdk-CRITICAL **: 02:58:53.646: _gdk_frame_clock_freeze: assertion 'GDK_IS_FRAME_CLOCK (clock)' failed

(process:477870): libsoup-WARNING **: 02:58:53.856: Failed to execute query: table soup_hsts_policies already exists

(process:477870): libsoup-WARNING **: 02:58:53.856: Failed to execute query: database is locked
[browser-debug] event=NavigationRequested("https://example.com/") before=index=0 entries=["https://example.com"]
[browser-debug] after=index=1 entries=["https://example.com", "https://example.com/"]
[browser-debug] event=NavigationRequested("https://example.com/") before=index=0 entries=["https://example.com"]
[browser-debug] after=index=1 entries=["https://example.com", "https://example.com/"]
[browser-debug] event=PageLoad(Started, "https://example.com/") before=index=1 entries=["https://example.com", "https://example.com/"]
[browser-debug] after=index=1 entries=["https://example.com", "https://example.com/"]
[browser-debug] event=PageLoad(Started, "https://example.com/") before=index=1 entries=["https://example.com", "https://example.com/"]
[browser-debug] after=index=1 entries=["https://example.com", "https://example.com/"]
[browser-debug] event=PageLoad(Finished, "https://example.com/") before=index=1 entries=["https://example.com", "https://example.com/"]
[browser-debug] after=index=1 entries=["https://example.com", "https://example.com/"]
[browser-debug] event=PageLoad(Finished, "https://example.com/") before=index=1 entries=["https://example.com", "https://example.com/"]
[browser-debug] after=index=1 entries=["https://example.com", "https://example.com/"]
[browser-debug] event=TitleChanged("Example Domain") before=index=1 entries=["https://example.com", "https://example.com/"]
[browser-debug] after=index=1 entries=["https://example.com", "https://example.com/"]
[browser-debug] event=TitleChanged("Example Domain") before=index=1 entries=["https://example.com", "https://example.com/"]
[browser-debug] after=index=1 entries=["https://example.com", "https://example.com/"]

(tiller:477742): Gdk-CRITICAL **: 02:59:03.477: _gdk_frame_clock_freeze: assertion 'GDK_IS_FRAME_CLOCK (clock)' failed
[browser-debug] event=NavigationRequested("https://example.com/") before=index=0 entries=["https://example.com"]
[browser-debug] after=index=1 entries=["https://example.com", "https://example.com/"]
[browser-debug] event=PageLoad(Started, "https://example.com/") before=index=1 entries=["https://example.com", "https://example.com/"]
[browser-debug] after=index=1 entries=["https://example.com", "https://example.com/"]
[browser-debug] event=PageLoad(Finished, "https://example.com/") before=index=1 entries=["https://example.com", "https://example.com/"]
[browser-debug] after=index=1 entries=["https://example.com", "https://example.com/"]
[browser-debug] event=TitleChanged("Example Domain") before=index=1 entries=["https://example.com", "https://example.com/"]
[browser-debug] after=index=1 entries=["https://example.com", "https://example.com/"]
[browser-debug] back before=index=1 entries=["https://example.com", "https://example.com/"] can_go_back=true
[browser-debug] back target=Some("https://example.com")
[browser-debug] event=NavigationRequested("https://example.com/") before=index=0 entries=["https://example.com", "https://example.com/"]
[browser-debug] after=index=1 entries=["https://example.com", "https://example.com/"]
[browser-debug] event=TitleChanged("") before=index=1 entries=["https://example.com", "https://example.com/"]
[browser-debug] after=index=1 entries=["https://example.com", "https://example.com/"]
[browser-debug] event=PageLoad(Started, "https://example.com/") before=index=1 entries=["https://example.com", "https://example.com/"]
[browser-debug] after=index=1 entries=["https://example.com", "https://example.com/"]
[browser-debug] event=PageLoad(Finished, "https://example.com/") before=index=1 entries=["https://example.com", "https://example.com/"]
[browser-debug] after=index=1 entries=["https://example.com", "https://example.com/"]
[browser-debug] event=TitleChanged("Example Domain") before=index=1 entries=["https://example.com", "https://example.com/"]
[browser-debug] after=index=1 entries=["https://example.com", "https://example.com/"]
