signal time=1786673954.390306 sender=org.freedesktop.DBus -> destination=:1.7650 serial=4294967295 path=/org/freedesktop/DBus; interface=org.freedesktop.DBus; member=NameAcquired
   string ":1.7650"
signal time=1786673954.390349 sender=org.freedesktop.DBus -> destination=:1.7650 serial=4294967295 path=/org/freedesktop/DBus; interface=org.freedesktop.DBus; member=NameLost
   string ":1.7650"
method call time=1786673956.097545 sender=:1.7569 -> destination=org.freedesktop.portal.Desktop serial=37 path=/org/freedesktop/portal/desktop; interface=org.freedesktop.portal.FileChooser; member=OpenFile
   string "x11:400001"
   string "Open File"
   array [
      dict entry(
         string "handle_token"
         variant             string "ashpd_trv0Fq2bIR"
      )
      dict entry(
         string "accept_label"
         variant             string "Attach image"
      )
      dict entry(
         string "modal"
         variant             boolean true
      )
      dict entry(
         string "multiple"
         variant             boolean false
      )
      dict entry(
         string "directory"
         variant             boolean false
      )
   ]
